<html>
<body>
<pre>
<h1>µVision Build Log</h1>
<h2>Tool Versions:</h2>
IDE-Version: µVision V5.40.0.0
Copyright (C) 2024 ARM Ltd and ARM Germany GmbH. All rights reserved.
License Information: Malek BOUBAHRI, Student, LIC=----
 
Tool Versions:
Toolchain:       MDK-Lite  Version: 5.40.0.3
Toolchain Path:  D:\Keil\Keil\ARM\ARMCLANG\Bin
C Compiler:      ArmClang.exe V6.22
Assembler:       Armasm.exe V6.22
Linker/Locator:  ArmLink.exe V6.22
Library Manager: ArmAr.exe V6.22
Hex Converter:   FromElf.exe V6.22
CPU DLL:         SARMCM3.DLL V5.40.0.3
Dialog DLL:      DCM.DLL V1.17.5.0
Target DLL:      UL2CM3.DLL V1.164.11.0
Dialog DLL:      TCM.DLL V1.56.4.0
 
<h2>Project:</h2>
D:\VLSI-RTL\asic_design\Keil\app.uvprojx
Project File Date:  09/22/2024

<h2>Output:</h2>
*** Using Compiler 'V6.22', folder: 'D:\Keil\Keil\ARM\ARMCLANG\Bin'
Build target 'Target 1'
linking...
Program Size: Code=360 RO-data=44 RW-data=0 ZI-data=1028  
After Build - User command #1: fromelf \Objects\prj4.axf --vhx --8x1 -o image.hex
"\Objects\prj4.axf": Error: Q0122E: Could not open file '\Objects\prj4.axf': No such file or directory
Finished: 0 information, 0 warning and 1 error messages.
After Build - User command #2: formelf -cvf \Objects\prj4.axf  -o disasm.txt
*** Error: CreateProcess failed, Command: 'formelf -cvf \Objects\prj4.axf  -o disasm.txt'
".\Objects\app.axf" - 1 Error(s), 0 Warning(s).

<h2>Software Packages used:</h2>

Package Vendor: ARM
                https://www.keil.com/pack/ARM.Cortex_DFP.1.1.0.pack
                ARM::Cortex_DFP@1.1.0
                ARM Cortex Reference Subsystems Device Family Pack

<h2>Collection of Component include folders:</h2>
  D:/Keil/Packs/ARM/Cortex_DFP/1.1.0/Device/ARMCM3/Include

<h2>Collection of Component Files used:</h2>
Target not created.
Build Time Elapsed:  00:00:00
</pre>
</body>
</html>
